{
  "1": {
    "period": 1,
    "rent": 43200.0,
    "proceedsFromSale": 0.0,
    "interestExpense": 18367.327147179294,
    "tax": 3828.0,
    "commonCharges": 4608.0,
    "closingCost": 30000.0,
    "totalRevenue": 43200.0,
    "totalExponses": 56803.3271471793,
    "netIncome": -13603.327147179298
  },
  "2": {
    "period": 2,
    "rent": 43200.0,
    "proceedsFromSale": 0.0,
    "interestExpense": 18069.158424220972,
    "tax": 3828.0,
    "commonCharges": 4608.0,
    "closingCost": 0.0,
    "totalRevenue": 43200.0,
    "totalExponses": 26505.158424220972,
    "netIncome": 16694.841575779028
  },
  "3": {
    "period": 3,
    "rent": 43200.0,
    "proceedsFromSale": 0.0,
    "interestExpense": 17756.903283779888,
    "tax": 3828.0,
    "commonCharges": 4608.0,
    "closingCost": 0.0,
    "totalRevenue": 43200.0,
    "totalExponses": 26192.903283779888,
    "netIncome": 17007.096716220112
  },
  "4": {
    "period": 4,
    "rent": 43200.0,
    "proceedsFromSale": 0.0,
    "interestExpense": 17429.89623969932,
    "tax": 3828.0,
    "commonCharges": 4608.0,
    "closingCost": 0.0,
    "totalRevenue": 43200.0,
    "totalExponses": 25865.89623969932,
    "netIncome": 17334.10376030068
  },
  "5": {
    "period": 5,
    "rent": 43200.0,
    "proceedsFromSale": 0.0,
    "interestExpense": 17087.44036618749,
    "tax": 3828.0,
    "commonCharges": 4608.0,
    "closingCost": 0.0,
    "totalRevenue": 43200.0,
    "totalExponses": 25523.44036618749,
    "netIncome": 17676.55963381251
  },
  "6": {
    "period": 6,
    "rent": 43200.0,
    "proceedsFromSale": 0.0,
    "interestExpense": 16728.805812511462,
    "tax": 3828.0,
    "commonCharges": 4608.0,
    "closingCost": 0.0,
    "totalRevenue": 43200.0,
    "totalExponses": 25164.805812511462,
    "netIncome": 18035.194187488538
  },
  "7": {
    "period": 7,
    "rent": 43200.0,
    "proceedsFromSale": 0.0,
    "interestExpense": 16353.228247520574,
    "tax": 3828.0,
    "commonCharges": 4608.0,
    "closingCost": 0.0,
    "totalRevenue": 43200.0,
    "totalExponses": 24789.228247520572,
    "netIncome": 18410.771752479428
  },
  "8": {
    "period": 8,
    "rent": 43200.0,
    "proceedsFromSale": 0.0,
    "interestExpense": 15959.907230684272,
    "tax": 3828.0,
    "commonCharges": 4608.0,
    "closingCost": 0.0,
    "totalRevenue": 43200.0,
    "totalExponses": 24395.90723068427,
    "netIncome": 18804.09276931573
  },
  "9": {
    "period": 9,
    "rent": 43200.0,
    "proceedsFromSale": 0.0,
    "interestExpense": 15548.004506172769,
    "tax": 3828.0,
    "commonCharges": 4608.0,
    "closingCost": 0.0,
    "totalRevenue": 43200.0,
    "totalExponses": 23984.00450617277,
    "netIncome": 19215.99549382723
  },
  "10": {
    "period": 10,
    "rent": 43200.0,
    "proceedsFromSale": 0.0,
    "interestExpense": 15116.64221634474,
    "tax": 3828.0,
    "commonCharges": 4608.0,
    "closingCost": 0.0,
    "totalRevenue": 43200.0,
    "totalExponses": 23552.642216344742,
    "netIncome": 19647.357783655258
  },
  "11": {
    "period": 11,
    "rent": 43200.0,
    "proceedsFromSale": 288383.44993016287,
    "interestExpense": 14664.901030834604,
    "tax": 3828.0,
    "commonCharges": 4608.0,
    "closingCost": 42000.0,
    "totalRevenue": 331583.44993016287,
    "totalExponses": 65100.901030834604,
    "netIncome": 266482.5488993283
  }
}